[debug] [2026-07-14T01:34:10.437Z] ----------------------------------------------------------------------
[debug] [2026-07-14T01:34:10.443Z] Command:       C:\Program Files\nodejs\node.exe C:\Users\m.shirai\AppData\Roaming\npm\node_modules\firebase-tools\lib\bin\firebase.js projects:list
[debug] [2026-07-14T01:34:10.444Z] CLI Version:   15.22.4
[debug] [2026-07-14T01:34:10.444Z] Platform:      win32
[debug] [2026-07-14T01:34:10.445Z] Node Version:  v24.16.0
[debug] [2026-07-14T01:34:10.445Z] Detected Agent: unknown
[debug] [2026-07-14T01:34:10.445Z] Time:          Tue Jul 14 2026 10:34:10 GMT+0900 (日本標準時)
[debug] [2026-07-14T01:34:10.446Z] ----------------------------------------------------------------------
[debug] 
[debug] [2026-07-14T01:34:10.454Z] >>> [apiv2][query] GET https://firebase-public.firebaseio.com/cli.json [none]
[debug] [2026-07-14T01:34:10.526Z] > command requires scopes: ["email","openid","https://www.googleapis.com/auth/cloudplatformprojects.readonly","https://www.googleapis.com/auth/firebase","https://www.googleapis.com/auth/cloud-platform"]
[debug] [2026-07-14T01:34:10.527Z] > authorizing via signed-in user (m.shirai@yunia.co.jp)
[debug] [2026-07-14T01:34:10.539Z] Checked if tokens are valid: false, expires at: 1783906102156
[debug] [2026-07-14T01:34:10.539Z] Checked if tokens are valid: false, expires at: 1783906102156
[debug] [2026-07-14T01:34:10.541Z] > refreshing access token with scopes: []
[debug] [2026-07-14T01:34:10.546Z] >>> [apiv2][query] POST https://www.googleapis.com/oauth2/v3/token [none]
[debug] [2026-07-14T01:34:10.546Z] >>> [apiv2][body] POST https://www.googleapis.com/oauth2/v3/token [omitted]
[debug] [2026-07-14T01:34:10.717Z] <<< [apiv2][status] POST https://www.googleapis.com/oauth2/v3/token 400
[debug] [2026-07-14T01:34:10.717Z] <<< [apiv2][body] POST https://www.googleapis.com/oauth2/v3/token [omitted]
[error] Authentication Error: Your credentials are no longer valid. Please run firebase login --reauth

For CI servers and headless environments, generate a new token with firebase login:ci
[error] Authentication Error: Your credentials are no longer valid. Please run firebase login --reauth

For CI servers and headless environments, generate a new token with firebase login:ci
[debug] [2026-07-14T01:34:10.721Z] Authentication Error: Your credentials are no longer valid. Please run firebase login --reauth

For CI servers and headless environments, generate a new token with firebase login:ci
[debug] [2026-07-14T01:34:10.848Z] FirebaseError: Authentication Error: Your credentials are no longer valid. Please run firebase login --reauth

For CI servers and headless environments, generate a new token with firebase login:ci
    at invalidCredentialError (C:\Users\m.shirai\AppData\Roaming\npm\node_modules\firebase-tools\lib\auth.js:176:12)
    at refreshTokens (C:\Users\m.shirai\AppData\Roaming\npm\node_modules\firebase-tools\lib\auth.js:589:15)
    at process.processTicksAndRejections (node:internal/process/task_queues:104:5)
    at async getAccessToken (C:\Users\m.shirai\AppData\Roaming\npm\node_modules\firebase-tools\lib\apiv2.js:55:18)
    at async Client.addAuthHeader (C:\Users\m.shirai\AppData\Roaming\npm\node_modules\firebase-tools\lib\apiv2.js:207:21)
    at async Client.request (C:\Users\m.shirai\AppData\Roaming\npm\node_modules\firebase-tools\lib\apiv2.js:154:34)
    at async getProjectPage (C:\Users\m.shirai\AppData\Roaming\npm\node_modules\firebase-tools\lib\management\projects.js:287:17)
    at async getFirebaseProjectPage (C:\Users\m.shirai\AppData\Roaming\npm\node_modules\firebase-tools\lib\management\projects.js:304:23)
    at async listFirebaseProjects (C:\Users\m.shirai\AppData\Roaming\npm\node_modules\firebase-tools\lib\management\projects.js:333:29)
    at async Command.actionFn (C:\Users\m.shirai\AppData\Roaming\npm\node_modules\firebase-tools\lib\commands\projects-list.js:51:20)
[error] 
[error] Error: Failed to list Firebase projects. See firebase-debug.log for more info.
[debug] [2026-07-14T01:34:11.063Z] <<< [apiv2][status] GET https://firebase-public.firebaseio.com/cli.json 200
[debug] [2026-07-14T01:34:11.064Z] <<< [apiv2][body] GET https://firebase-public.firebaseio.com/cli.json {"cloudBuildErrorAfter":1594252800000,"cloudBuildWarnAfter":1590019200000,"defaultNode10After":1594252800000,"minVersion":"3.0.5","node8DeploysDisabledAfter":1613390400000,"node8RuntimeDisabledAfter":1615809600000,"node8WarnAfter":1600128000000}
